// Jest Snapshot v1, https://goo.gl/fbAQLP

exports[`App container tests Renders container correctly 1`] = `
<div
  className="container"
>
  <ForwardRef />
  <span
    className="container__image"
  />
  <MenuSection
    foodLabels={
      Array [
        "bread",
        "cheese",
        "milk",
        "butter",
        "soup",
      ]
    }
  />
</div>
`;
