// Jest Snapshot v1, https://goo.gl/fbAQLP

exports[`MenuItem tests Renders MenuItem correctly 1`] = `ShallowWrapper {}`;
